-- JSON_EXISTS
SELECT JSON_EXISTS(NULL FORMAT JSON, '$');
 ?column? 
----------
 
(1 row)

SELECT JSON_EXISTS(NULL::text FORMAT JSON, '$');
 ?column? 
----------
 
(1 row)

SELECT JSON_EXISTS(NULL::bytea FORMAT JSON, '$');
 ?column? 
----------
 
(1 row)

SELECT JSON_EXISTS(NULL::json FORMAT JSON, '$');
WARNING:  FORMAT JSON has no effect for json and jsonb types
 ?column? 
----------
 
(1 row)

SELECT JSON_EXISTS(NULL::jsonb FORMAT JSON, '$');
WARNING:  FORMAT JSON has no effect for json and jsonb types
 ?column? 
----------
 
(1 row)

SELECT JSON_EXISTS(NULL::json, '$');
 ?column? 
----------
 
(1 row)

SELECT JSON_EXISTS('' FORMAT JSON, '$');
 ?column? 
----------
 f
(1 row)

SELECT JSON_EXISTS('' FORMAT JSON, '$' TRUE ON ERROR);
 ?column? 
----------
 t
(1 row)

SELECT JSON_EXISTS('' FORMAT JSON, '$' FALSE ON ERROR);
 ?column? 
----------
 f
(1 row)

SELECT JSON_EXISTS('' FORMAT JSON, '$' UNKNOWN ON ERROR);
 ?column? 
----------
 
(1 row)

SELECT JSON_EXISTS('' FORMAT JSON, '$' ERROR ON ERROR);
ERROR:  invalid input syntax for type json
DETAIL:  The input string ended unexpectedly.
CONTEXT:  JSON data, line 1: 
SELECT JSON_EXISTS(bytea '' FORMAT JSON, '$' ERROR ON ERROR);
ERROR:  invalid input syntax for type json
DETAIL:  The input string ended unexpectedly.
CONTEXT:  JSON data, line 1: 
SELECT JSON_EXISTS(json '[]', '$');
 ?column? 
----------
 t
(1 row)

SELECT JSON_EXISTS('[]' FORMAT JSON, '$');
 ?column? 
----------
 t
(1 row)

SELECT JSON_EXISTS(JSON_OBJECT(RETURNING bytea FORMAT JSON) FORMAT JSON, '$');
 ?column? 
----------
 t
(1 row)

SELECT JSON_EXISTS(json '1', '$');
 ?column? 
----------
 t
(1 row)

SELECT JSON_EXISTS(json 'null', '$');
 ?column? 
----------
 t
(1 row)

SELECT JSON_EXISTS(json '[]', '$');
 ?column? 
----------
 t
(1 row)

SELECT JSON_EXISTS(json '1', '$.a');
 ?column? 
----------
 f
(1 row)

SELECT JSON_EXISTS(json '1', 'strict $.a');
 ?column? 
----------
 f
(1 row)

SELECT JSON_EXISTS(json '1', 'strict $.a' ERROR ON ERROR);
ERROR:  SQL/JSON member not found
SELECT JSON_EXISTS(json 'null', '$.a');
 ?column? 
----------
 f
(1 row)

SELECT JSON_EXISTS(json '[]', '$.a');
 ?column? 
----------
 f
(1 row)

SELECT JSON_EXISTS(json '[1, "aaa", {"a": 1}]', 'strict $.a');
 ?column? 
----------
 f
(1 row)

SELECT JSON_EXISTS(json '[1, "aaa", {"a": 1}]', 'lax $.a');
 ?column? 
----------
 t
(1 row)

SELECT JSON_EXISTS(json '{}', '$.a');
 ?column? 
----------
 f
(1 row)

SELECT JSON_EXISTS(json '{"b": 1, "a": 2}', '$.a');
 ?column? 
----------
 t
(1 row)

SELECT JSON_EXISTS(json '1', '$.a.b');
 ?column? 
----------
 f
(1 row)

SELECT JSON_EXISTS(json '{"a": {"b": 1}}', '$.a.b');
 ?column? 
----------
 t
(1 row)

SELECT JSON_EXISTS(json '{"a": 1, "b": 2}', '$.a.b');
 ?column? 
----------
 f
(1 row)

SELECT JSON_EXISTS(json '{"a": 1, "b": 2}', '$.* ? (@ > $x)' PASSING 1 AS x);
 ?column? 
----------
 t
(1 row)

SELECT JSON_EXISTS(json '{"a": 1, "b": 2}', '$.* ? (@ > $x)' PASSING '1' AS x);
 ?column? 
----------
 f
(1 row)

SELECT JSON_EXISTS(json '{"a": 1, "b": 2}', '$.* ? (@ > $x && @ < $y)' PASSING 0 AS x, 2 AS y);
 ?column? 
----------
 t
(1 row)

SELECT JSON_EXISTS(json '{"a": 1, "b": 2}', '$.* ? (@ > $x && @ < $y)' PASSING 0 AS x, 1 AS y);
 ?column? 
----------
 f
(1 row)

-- extension: boolean expressions
SELECT JSON_EXISTS(json '1', '$ > 2');
 ?column? 
----------
 t
(1 row)

SELECT JSON_EXISTS(json '1', '$.a > 2' ERROR ON ERROR);
 ?column? 
----------
 t
(1 row)

-- JSON_VALUE
SELECT JSON_VALUE(NULL, '$');
 ?column? 
----------
 
(1 row)

SELECT JSON_VALUE(NULL FORMAT JSON, '$');
 ?column? 
----------
 
(1 row)

SELECT JSON_VALUE(NULL::text, '$');
 ?column? 
----------
 
(1 row)

SELECT JSON_VALUE(NULL::bytea, '$');
 ?column? 
----------
 
(1 row)

SELECT JSON_VALUE(NULL::json, '$');
 ?column? 
----------
 
(1 row)

SELECT JSON_VALUE(NULL::jsonb FORMAT JSON, '$');
WARNING:  FORMAT JSON has no effect for json and jsonb types
 ?column? 
----------
 
(1 row)

SELECT JSON_VALUE('' FORMAT JSON, '$');
 ?column? 
----------
 
(1 row)

SELECT JSON_VALUE('' FORMAT JSON, '$' NULL ON ERROR);
 ?column? 
----------
 
(1 row)

SELECT JSON_VALUE('' FORMAT JSON, '$' DEFAULT '"default value"' ON ERROR);
    ?column?     
-----------------
 "default value"
(1 row)

SELECT JSON_VALUE('' FORMAT JSON, '$' ERROR ON ERROR);
ERROR:  invalid input syntax for type json
DETAIL:  The input string ended unexpectedly.
CONTEXT:  JSON data, line 1: 
SELECT JSON_VALUE(json 'null', '$');
 ?column? 
----------
 
(1 row)

SELECT JSON_VALUE(json 'null', '$' RETURNING int);
 ?column? 
----------
         
(1 row)

SELECT JSON_VALUE(json 'true', '$');
 ?column? 
----------
 true
(1 row)

SELECT JSON_VALUE(json 'true', '$' RETURNING bool);
 ?column? 
----------
 t
(1 row)

SELECT JSON_VALUE(json '123', '$');
 ?column? 
----------
 123
(1 row)

SELECT JSON_VALUE(json '123', '$' RETURNING int) + 234;
 ?column? 
----------
      357
(1 row)

SELECT JSON_VALUE(json '123', '$' RETURNING text);
 ?column? 
----------
 123
(1 row)

/* jsonb bytea ??? */
SELECT JSON_VALUE(json '123', '$' RETURNING bytea);
 ?column? 
----------
 \x313233
(1 row)

SELECT JSON_VALUE(json '1.23', '$');
 ?column? 
----------
 1.23
(1 row)

SELECT JSON_VALUE(json '1.23', '$' RETURNING int);
 ?column? 
----------
        1
(1 row)

SELECT JSON_VALUE(json '"1.23"', '$' RETURNING numeric);
 ?column? 
----------
     1.23
(1 row)

SELECT JSON_VALUE(json '"1.23"', '$' RETURNING int ERROR ON ERROR);
ERROR:  invalid input syntax for integer: "1.23"
SELECT JSON_VALUE(json '"aaa"', '$');
 ?column? 
----------
 "aaa"
(1 row)

SELECT JSON_VALUE(json '"aaa"', '$' RETURNING text);
 ?column? 
----------
 aaa
(1 row)

SELECT JSON_VALUE(json '"aaa"', '$' RETURNING char(5));
 ?column? 
----------
 aaa  
(1 row)

SELECT JSON_VALUE(json '"aaa"', '$' RETURNING char(2));
 ?column? 
----------
 
(1 row)

SELECT JSON_VALUE(json '"aaa"', '$' RETURNING json);
 ?column? 
----------
 "aaa"
(1 row)

SELECT JSON_VALUE(json '"aaa"', '$' RETURNING jsonb);
 ?column? 
----------
 "aaa"
(1 row)

SELECT JSON_VALUE(json '"aaa"', '$' RETURNING json ERROR ON ERROR);
 ?column? 
----------
 "aaa"
(1 row)

SELECT JSON_VALUE(json '"aaa"', '$' RETURNING jsonb ERROR ON ERROR);
 ?column? 
----------
 "aaa"
(1 row)

SELECT JSON_VALUE(json '"\"aaa\""', '$' RETURNING json);
 ?column?  
-----------
 "\"aaa\""
(1 row)

SELECT JSON_VALUE(json '"\"aaa\""', '$' RETURNING jsonb);
 ?column?  
-----------
 "\"aaa\""
(1 row)

SELECT JSON_VALUE(json '"aaa"', '$' RETURNING int);
 ?column? 
----------
         
(1 row)

SELECT JSON_VALUE(json '"aaa"', '$' RETURNING int ERROR ON ERROR);
ERROR:  invalid input syntax for integer: "aaa"
SELECT JSON_VALUE(json '"aaa"', '$' RETURNING int DEFAULT 111 ON ERROR);
 ?column? 
----------
      111
(1 row)

SELECT JSON_VALUE(json '"123"', '$' RETURNING int) + 234;
 ?column? 
----------
      357
(1 row)

SELECT JSON_VALUE(json '"2017-02-20"', '$' RETURNING date) + 9;
  ?column?  
------------
 03-01-2017
(1 row)

-- Test NULL checks execution in domain types
CREATE DOMAIN sqljson_int_not_null AS int NOT NULL;
SELECT JSON_VALUE(json '1', '$.a' RETURNING sqljson_int_not_null);
ERROR:  domain sqljson_int_not_null does not allow null values
SELECT JSON_VALUE(json '1', '$.a' RETURNING sqljson_int_not_null NULL ON ERROR);
ERROR:  domain sqljson_int_not_null does not allow null values
SELECT JSON_VALUE(json '1', '$.a' RETURNING sqljson_int_not_null DEFAULT NULL ON ERROR);
ERROR:  domain sqljson_int_not_null does not allow null values
SELECT JSON_VALUE(json '[]', '$');
 ?column? 
----------
 
(1 row)

SELECT JSON_VALUE(json '[]', '$' ERROR ON ERROR);
ERROR:  SQL/JSON scalar required
SELECT JSON_VALUE(json '{}', '$');
 ?column? 
----------
 
(1 row)

SELECT JSON_VALUE(json '{}', '$' ERROR ON ERROR);
ERROR:  SQL/JSON scalar required
SELECT JSON_VALUE(json '1', '$.a');
 ?column? 
----------
 
(1 row)

SELECT JSON_VALUE(json '1', 'strict $.a' ERROR ON ERROR);
ERROR:  SQL/JSON member not found
SELECT JSON_VALUE(json '1', 'lax $.a' ERROR ON ERROR);
 ?column? 
----------
 
(1 row)

SELECT JSON_VALUE(json '1', 'lax $.a' ERROR ON EMPTY ERROR ON ERROR);
ERROR:  no SQL/JSON item
SELECT JSON_VALUE(json '1', '$.a' DEFAULT 2 ON ERROR);
ERROR:  cannot cast DEFAULT expression type integer to json
LINE 1: SELECT JSON_VALUE(json '1', '$.a' DEFAULT 2 ON ERROR);
                                                  ^
SELECT JSON_VALUE(json '1', 'lax $.a' DEFAULT 2 ON ERROR);
ERROR:  cannot cast DEFAULT expression type integer to json
LINE 1: SELECT JSON_VALUE(json '1', 'lax $.a' DEFAULT 2 ON ERROR);
                                                      ^
SELECT JSON_VALUE(json '1', 'lax $.a' DEFAULT '2' ON ERROR);
 ?column? 
----------
 
(1 row)

SELECT JSON_VALUE(json '1', 'lax $.a' NULL ON EMPTY DEFAULT '2' ON ERROR);
 ?column? 
----------
 
(1 row)

SELECT JSON_VALUE(json '1', 'lax $.a' DEFAULT '2' ON EMPTY DEFAULT '3' ON ERROR);
 ?column? 
----------
 2
(1 row)

SELECT JSON_VALUE(json '1', 'lax $.a' ERROR ON EMPTY DEFAULT '3' ON ERROR);
 ?column? 
----------
 3
(1 row)

SELECT JSON_VALUE(json '[1,2]', '$[*]' ERROR ON ERROR);
ERROR:  more than one SQL/JSON item
SELECT JSON_VALUE(json '[1,2]', '$[*]' DEFAULT '0' ON ERROR);
 ?column? 
----------
 0
(1 row)

SELECT JSON_VALUE(json '[" "]', '$[*]' RETURNING int ERROR ON ERROR);
ERROR:  invalid input syntax for integer: " "
SELECT JSON_VALUE(json '[" "]', '$[*]' RETURNING int DEFAULT 2 + 3 ON ERROR);
 ?column? 
----------
        5
(1 row)

SELECT JSON_VALUE(json '["1"]', '$[*]' RETURNING int DEFAULT 2 + 3 ON ERROR);
 ?column? 
----------
        1
(1 row)

SELECT
	x,
	JSON_VALUE(
		json '{"a": 1, "b": 2}',
		'$.* ? (@ > $x)' PASSING x AS x
		RETURNING int
		DEFAULT -1 ON EMPTY
		DEFAULT -2 ON ERROR
	) y
FROM
	generate_series(0, 2) x;
 x | y  
---+----
 0 | -2
 1 |  2
 2 | -1
(3 rows)

SELECT JSON_VALUE(json 'null', '$a' PASSING point ' (1, 2 )' AS a);
 ?column? 
----------
 "(1,2)"
(1 row)

SELECT JSON_VALUE(json 'null', '$a' PASSING point ' (1, 2 )' AS a RETURNING point);
 ?column? 
----------
 (1,2)
(1 row)

-- JSON_QUERY
SELECT
	JSON_QUERY(js FORMAT JSON, '$'),
	JSON_QUERY(js FORMAT JSON, '$' WITHOUT WRAPPER),
	JSON_QUERY(js FORMAT JSON, '$' WITH CONDITIONAL WRAPPER),
	JSON_QUERY(js FORMAT JSON, '$' WITH UNCONDITIONAL ARRAY WRAPPER),
	JSON_QUERY(js FORMAT JSON, '$' WITH ARRAY WRAPPER)
FROM
	(VALUES
		('null'),
		('12.3'),
		('true'),
		('"aaa"'),
		('[1, null, "2"]'),
		('{"a": 1, "b": [2]}')
	) foo(js);
      ?column?      |      ?column?      |      ?column?      |       ?column?       |       ?column?       
--------------------+--------------------+--------------------+----------------------+----------------------
 null               | null               | [null]             | [null]               | [null]
 12.3               | 12.3               | [12.3]             | [12.3]               | [12.3]
 true               | true               | [true]             | [true]               | [true]
 "aaa"              | "aaa"              | ["aaa"]            | ["aaa"]              | ["aaa"]
 [1, null, "2"]     | [1, null, "2"]     | [1, null, "2"]     | [[1, null, "2"]]     | [[1, null, "2"]]
 {"a": 1, "b": [2]} | {"a": 1, "b": [2]} | {"a": 1, "b": [2]} | [{"a": 1, "b": [2]}] | [{"a": 1, "b": [2]}]
(6 rows)

SELECT
	JSON_QUERY(js FORMAT JSON, 'strict $[*]') AS "unspec",
	JSON_QUERY(js FORMAT JSON, 'strict $[*]' WITHOUT WRAPPER) AS "without",
	JSON_QUERY(js FORMAT JSON, 'strict $[*]' WITH CONDITIONAL WRAPPER) AS "with cond",
	JSON_QUERY(js FORMAT JSON, 'strict $[*]' WITH UNCONDITIONAL ARRAY WRAPPER) AS "with uncond",
	JSON_QUERY(js FORMAT JSON, 'strict $[*]' WITH ARRAY WRAPPER) AS "with"
FROM
	(VALUES
		('1'),
		('[]'),
		('[null]'),
		('[12.3]'),
		('[true]'),
		('["aaa"]'),
		('[[1, 2, 3]]'),
		('[{"a": 1, "b": [2]}]'),
		('[1, "2", null, [3]]')
	) foo(js);
       unspec       |      without       |      with cond      |     with uncond      |         with         
--------------------+--------------------+---------------------+----------------------+----------------------
                    |                    |                     |                      | 
                    |                    |                     |                      | 
 null               | null               | [null]              | [null]               | [null]
 12.3               | 12.3               | [12.3]              | [12.3]               | [12.3]
 true               | true               | [true]              | [true]               | [true]
 "aaa"              | "aaa"              | ["aaa"]             | ["aaa"]              | ["aaa"]
 [1, 2, 3]          | [1, 2, 3]          | [1, 2, 3]           | [[1, 2, 3]]          | [[1, 2, 3]]
 {"a": 1, "b": [2]} | {"a": 1, "b": [2]} | {"a": 1, "b": [2]}  | [{"a": 1, "b": [2]}] | [{"a": 1, "b": [2]}]
                    |                    | [1, "2", null, [3]] | [1, "2", null, [3]]  | [1, "2", null, [3]]
(9 rows)

SELECT JSON_QUERY('"aaa"' FORMAT JSON, '$' RETURNING text);
 ?column? 
----------
 "aaa"
(1 row)

SELECT JSON_QUERY('"aaa"' FORMAT JSON, '$' RETURNING text KEEP QUOTES);
 ?column? 
----------
 "aaa"
(1 row)

SELECT JSON_QUERY('"aaa"' FORMAT JSON, '$' RETURNING text KEEP QUOTES ON SCALAR STRING);
 ?column? 
----------
 "aaa"
(1 row)

SELECT JSON_QUERY('"aaa"' FORMAT JSON, '$' RETURNING text OMIT QUOTES);
 ?column? 
----------
 aaa
(1 row)

SELECT JSON_QUERY('"aaa"' FORMAT JSON, '$' RETURNING text OMIT QUOTES ON SCALAR STRING);
 ?column? 
----------
 aaa
(1 row)

SELECT JSON_QUERY('"aaa"' FORMAT JSON, '$' OMIT QUOTES ERROR ON ERROR);
ERROR:  invalid input syntax for type json
DETAIL:  Token "aaa" is invalid.
CONTEXT:  JSON data, line 1: aaa
SELECT JSON_QUERY('"aaa"' FORMAT JSON, '$' RETURNING json OMIT QUOTES ERROR ON ERROR);
ERROR:  invalid input syntax for type json
DETAIL:  Token "aaa" is invalid.
CONTEXT:  JSON data, line 1: aaa
SELECT JSON_QUERY('"aaa"' FORMAT JSON, '$' RETURNING bytea FORMAT JSON OMIT QUOTES ERROR ON ERROR);
 ?column? 
----------
 \x616161
(1 row)

-- QUOTES behavior should not be specified when WITH WRAPPER used:
-- Should fail
SELECT JSON_QUERY(json '[1]', '$' WITH WRAPPER OMIT QUOTES);
ERROR:  SQL/JSON QUOTES behavior shall not be specified when WITH WRAPPER is used
LINE 1: SELECT JSON_QUERY(json '[1]', '$' WITH WRAPPER OMIT QUOTES);
                                                       ^
SELECT JSON_QUERY(json '[1]', '$' WITH WRAPPER KEEP QUOTES);
ERROR:  SQL/JSON QUOTES behavior shall not be specified when WITH WRAPPER is used
LINE 1: SELECT JSON_QUERY(json '[1]', '$' WITH WRAPPER KEEP QUOTES);
                                                       ^
SELECT JSON_QUERY(json '[1]', '$' WITH CONDITIONAL WRAPPER KEEP QUOTES);
ERROR:  SQL/JSON QUOTES behavior shall not be specified when WITH WRAPPER is used
LINE 1: ...ON_QUERY(json '[1]', '$' WITH CONDITIONAL WRAPPER KEEP QUOTE...
                                                             ^
SELECT JSON_QUERY(json '[1]', '$' WITH CONDITIONAL WRAPPER OMIT QUOTES);
ERROR:  SQL/JSON QUOTES behavior shall not be specified when WITH WRAPPER is used
LINE 1: ...ON_QUERY(json '[1]', '$' WITH CONDITIONAL WRAPPER OMIT QUOTE...
                                                             ^
-- Should succeed
SELECT JSON_QUERY(json '[1]', '$' WITHOUT WRAPPER OMIT QUOTES);
 ?column? 
----------
 [1]
(1 row)

SELECT JSON_QUERY(json '[1]', '$' WITHOUT WRAPPER KEEP QUOTES);
 ?column? 
----------
 [1]
(1 row)

SELECT JSON_QUERY('[]' FORMAT JSON, '$[*]');
 ?column? 
----------
 
(1 row)

SELECT JSON_QUERY('[]' FORMAT JSON, '$[*]' NULL ON EMPTY);
 ?column? 
----------
 
(1 row)

SELECT JSON_QUERY('[]' FORMAT JSON, '$[*]' EMPTY ARRAY ON EMPTY);
 ?column? 
----------
 []
(1 row)

SELECT JSON_QUERY('[]' FORMAT JSON, '$[*]' EMPTY OBJECT ON EMPTY);
 ?column? 
----------
 {}
(1 row)

SELECT JSON_QUERY('[]' FORMAT JSON, '$[*]' ERROR ON EMPTY);
 ?column? 
----------
 
(1 row)

SELECT JSON_QUERY('[]' FORMAT JSON, '$[*]' ERROR ON EMPTY NULL ON ERROR);
 ?column? 
----------
 
(1 row)

SELECT JSON_QUERY('[]' FORMAT JSON, '$[*]' ERROR ON EMPTY EMPTY ARRAY ON ERROR);
 ?column? 
----------
 []
(1 row)

SELECT JSON_QUERY('[]' FORMAT JSON, '$[*]' ERROR ON EMPTY EMPTY OBJECT ON ERROR);
 ?column? 
----------
 {}
(1 row)

SELECT JSON_QUERY('[]' FORMAT JSON, '$[*]' ERROR ON EMPTY ERROR ON ERROR);
ERROR:  no SQL/JSON item
SELECT JSON_QUERY('[]' FORMAT JSON, '$[*]' ERROR ON ERROR);
 ?column? 
----------
 
(1 row)

SELECT JSON_QUERY('[1,2]' FORMAT JSON, '$[*]' ERROR ON ERROR);
ERROR:  more than one SQL/JSON item
SELECT JSON_QUERY(json '[1,2]', '$' RETURNING json);
 ?column? 
----------
 [1,2]
(1 row)

SELECT JSON_QUERY(json '[1,2]', '$' RETURNING json FORMAT JSON);
 ?column? 
----------
 [1,2]
(1 row)

SELECT JSON_QUERY(json '[1,2]', '$' RETURNING jsonb);
 ?column? 
----------
 [1, 2]
(1 row)

SELECT JSON_QUERY(json '[1,2]', '$' RETURNING jsonb FORMAT JSON);
 ?column? 
----------
 [1, 2]
(1 row)

SELECT JSON_QUERY(json '[1,2]', '$' RETURNING text);
 ?column? 
----------
 [1,2]
(1 row)

SELECT JSON_QUERY(json '[1,2]', '$' RETURNING char(10));
  ?column?  
------------
 [1,2]     
(1 row)

SELECT JSON_QUERY(json '[1,2]', '$' RETURNING char(3));
 ?column? 
----------
 
(1 row)

SELECT JSON_QUERY(json '[1,2]', '$' RETURNING text FORMAT JSON);
 ?column? 
----------
 [1,2]
(1 row)

SELECT JSON_QUERY(json '[1,2]', '$' RETURNING bytea);
   ?column?   
--------------
 \x5b312c325d
(1 row)

SELECT JSON_QUERY(json '[1,2]', '$' RETURNING bytea FORMAT JSON);
   ?column?   
--------------
 \x5b312c325d
(1 row)

SELECT JSON_QUERY(json '[1,2]', '$[*]' RETURNING bytea EMPTY OBJECT ON ERROR);
 ?column? 
----------
 \x7b7d
(1 row)

SELECT JSON_QUERY(json '[1,2]', '$[*]' RETURNING bytea FORMAT JSON EMPTY OBJECT ON ERROR);
 ?column? 
----------
 \x7b7d
(1 row)

SELECT JSON_QUERY(json '[1,2]', '$[*]' RETURNING json EMPTY OBJECT ON ERROR);
 ?column? 
----------
 {}
(1 row)

SELECT JSON_QUERY(json '[1,2]', '$[*]' RETURNING jsonb EMPTY OBJECT ON ERROR);
 ?column? 
----------
 {}
(1 row)

SELECT
	x, y,
	JSON_QUERY(
		json '[1,2,3,4,5,null]',
		'$[*] ? (@ >= $x && @ <= $y)'
		PASSING x AS x, y AS y
		WITH CONDITIONAL WRAPPER
		EMPTY ARRAY ON EMPTY
	) list
FROM
	generate_series(0, 4) x,
	generate_series(0, 4) y;
 x | y |     list     
---+---+--------------
 0 | 0 | []
 0 | 1 | [1]
 0 | 2 | [1, 2]
 0 | 3 | [1, 2, 3]
 0 | 4 | [1, 2, 3, 4]
 1 | 0 | []
 1 | 1 | [1]
 1 | 2 | [1, 2]
 1 | 3 | [1, 2, 3]
 1 | 4 | [1, 2, 3, 4]
 2 | 0 | []
 2 | 1 | []
 2 | 2 | [2]
 2 | 3 | [2, 3]
 2 | 4 | [2, 3, 4]
 3 | 0 | []
 3 | 1 | []
 3 | 2 | []
 3 | 3 | [3]
 3 | 4 | [3, 4]
 4 | 0 | []
 4 | 1 | []
 4 | 2 | []
 4 | 3 | []
 4 | 4 | [4]
(25 rows)

-- Conversion to record types
CREATE TYPE sqljson_rec AS (a int, t text, js json, jb jsonb, jsa json[]);
CREATE TYPE sqljson_reca AS (reca sqljson_rec[]);
SELECT JSON_QUERY(json '[{"a": 1, "b": "foo", "t": "aaa", "js": [1, "2", {}], "jb": {"x": [1, "2", {}]}},  {"a": 2}]', '$[0]' RETURNING sqljson_rec);
                      ?column?                       
-----------------------------------------------------
 (1,aaa,"[1, ""2"", {}]","{""x"": [1, ""2"", {}]}",)
(1 row)

SELECT * FROM unnest((JSON_QUERY(json '{"jsa":  [{"a": 1, "b": ["foo"]}, {"a": 2, "c": {}}, 123]}', '$' RETURNING sqljson_rec)).jsa);
         unnest         
------------------------
 {"a": 1, "b": ["foo"]}
 {"a": 2, "c": {}}
 123
(3 rows)

SELECT * FROM unnest((JSON_QUERY(json '{"reca": [{"a": 1, "t": ["foo", []]}, {"a": 2, "jb": [{}, true]}]}', '$' RETURNING sqljson_reca)).reca);
 a |      t      | js |     jb     | jsa 
---+-------------+----+------------+-----
 1 | ["foo", []] |    |            | 
 2 |             |    | [{}, true] | 
(2 rows)

-- Conversion to array types
SELECT JSON_QUERY(json '[1,2,null,"3"]', '$[*]' RETURNING int[] WITH WRAPPER);
   ?column?   
--------------
 {1,2,NULL,3}
(1 row)

SELECT * FROM unnest(JSON_QUERY(json '[{"a": 1, "t": ["foo", []]}, {"a": 2, "jb": [{}, true]}]', '$' RETURNING sqljson_rec[]));
 a |      t      | js |     jb     | jsa 
---+-------------+----+------------+-----
 1 | ["foo", []] |    |            | 
 2 |             |    | [{}, true] | 
(2 rows)

-- Conversion to domain types
SELECT JSON_QUERY(json '{"a": 1}', '$.a' RETURNING sqljson_int_not_null);
 ?column? 
----------
        1
(1 row)

SELECT JSON_QUERY(json '{"a": 1}', '$.b' RETURNING sqljson_int_not_null);
ERROR:  domain sqljson_int_not_null does not allow null values
-- Test constraints
CREATE TABLE test_json_constraints (
	js text,
	i int,
	x jsonb DEFAULT JSON_QUERY(json '[1,2]', '$[*]' WITH WRAPPER)
	CONSTRAINT test_json_constraint1
		CHECK (js IS JSON)
	CONSTRAINT test_json_constraint2
		CHECK (JSON_EXISTS(js FORMAT JSON, '$.a' PASSING i + 5 AS int, i::text AS txt, array[1,2,3] as arr))
	CONSTRAINT test_json_constraint3
		CHECK (JSON_VALUE(js::json, '$.a' RETURNING int DEFAULT ('12' || i)::int ON EMPTY ERROR ON ERROR) > i)
	CONSTRAINT test_json_constraint4
		CHECK (JSON_QUERY(js FORMAT JSON, '$.a' RETURNING jsonb WITH CONDITIONAL WRAPPER EMPTY OBJECT ON ERROR) < jsonb '[10]')
	CONSTRAINT test_json_constraint5
		CHECK (JSON_QUERY(js FORMAT JSON, '$.a' RETURNING char(5) OMIT QUOTES EMPTY ARRAY ON EMPTY) >  'a')
);
\d test_json_constraints
                                                       Table "public.test_json_constraints"
 Column |  Type   | Collation | Nullable |                                                 Default                                                 
--------+---------+-----------+----------+---------------------------------------------------------------------------------------------------------
 js     | text    |           |          | 
 i      | integer |           |          | 
 x      | jsonb   |           |          | JSON_QUERY('[1,2]'::json, '$[*]' RETURNING json WITH UNCONDITIONAL WRAPPER NULL ON EMPTY NULL ON ERROR)
Check constraints:
    "test_json_constraint1" CHECK (pg_catalog.json_is_valid(js, 'any'::text, false))
    "test_json_constraint2" CHECK (JSON_EXISTS(js FORMAT JSON, '$."a"' PASSING i + 5 AS int, i::text AS txt, to_json(ARRAY[1, 2, 3]) AS arr FALSE ON ERROR))
    "test_json_constraint3" CHECK ((JSON_VALUE(js::json, '$."a"' RETURNING integer DEFAULT ('12'::text || i)::integer ON EMPTY ERROR ON ERROR)) > i)
    "test_json_constraint4" CHECK ((JSON_QUERY(js FORMAT JSON, '$."a"' RETURNING jsonb WITH CONDITIONAL WRAPPER NULL ON EMPTY EMPTY OBJECT ON ERROR)) < '[10]'::jsonb)
    "test_json_constraint5" CHECK ((JSON_QUERY(js FORMAT JSON, '$."a"' RETURNING character(5) OMIT QUOTES EMPTY ARRAY ON EMPTY NULL ON ERROR)) > 'a'::bpchar)

SELECT check_clause
FROM information_schema.check_constraints
WHERE constraint_name LIKE 'test_json_constraint%';
                                                             check_clause                                                             
--------------------------------------------------------------------------------------------------------------------------------------
 (pg_catalog.json_is_valid(js, 'any'::text, false))
 (JSON_EXISTS(js FORMAT JSON, '$."a"' PASSING (i + 5) AS int, (i)::text AS txt, to_json(ARRAY[1, 2, 3]) AS arr FALSE ON ERROR))
 ((JSON_VALUE((js)::json, '$."a"' RETURNING integer DEFAULT (('12'::text || i))::integer ON EMPTY ERROR ON ERROR) > i))
 ((JSON_QUERY(js FORMAT JSON, '$."a"' RETURNING jsonb WITH CONDITIONAL WRAPPER NULL ON EMPTY EMPTY OBJECT ON ERROR) < '[10]'::jsonb))
 ((JSON_QUERY(js FORMAT JSON, '$."a"' RETURNING character(5) OMIT QUOTES EMPTY ARRAY ON EMPTY NULL ON ERROR) > 'a'::bpchar))
(5 rows)

SELECT adsrc FROM pg_attrdef WHERE adrelid = 'test_json_constraints'::regclass;
                                                  adsrc                                                  
---------------------------------------------------------------------------------------------------------
 JSON_QUERY('[1,2]'::json, '$[*]' RETURNING json WITH UNCONDITIONAL WRAPPER NULL ON EMPTY NULL ON ERROR)
(1 row)

INSERT INTO test_json_constraints VALUES ('', 1);
ERROR:  new row for relation "test_json_constraints" violates check constraint "test_json_constraint1"
DETAIL:  Failing row contains (, 1, [1, 2]).
INSERT INTO test_json_constraints VALUES ('1', 1);
ERROR:  new row for relation "test_json_constraints" violates check constraint "test_json_constraint2"
DETAIL:  Failing row contains (1, 1, [1, 2]).
INSERT INTO test_json_constraints VALUES ('[]');
ERROR:  new row for relation "test_json_constraints" violates check constraint "test_json_constraint2"
DETAIL:  Failing row contains ([], null, [1, 2]).
INSERT INTO test_json_constraints VALUES ('{"b": 1}', 1);
ERROR:  new row for relation "test_json_constraints" violates check constraint "test_json_constraint2"
DETAIL:  Failing row contains ({"b": 1}, 1, [1, 2]).
INSERT INTO test_json_constraints VALUES ('{"a": 1}', 1);
ERROR:  new row for relation "test_json_constraints" violates check constraint "test_json_constraint3"
DETAIL:  Failing row contains ({"a": 1}, 1, [1, 2]).
INSERT INTO test_json_constraints VALUES ('{"a": 7}', 1);
ERROR:  new row for relation "test_json_constraints" violates check constraint "test_json_constraint5"
DETAIL:  Failing row contains ({"a": 7}, 1, [1, 2]).
INSERT INTO test_json_constraints VALUES ('{"a": 10}', 1);
ERROR:  new row for relation "test_json_constraints" violates check constraint "test_json_constraint4"
DETAIL:  Failing row contains ({"a": 10}, 1, [1, 2]).
DROP TABLE test_json_constraints;
